// Jest Snapshot v1, https://goo.gl/fbAQLP

exports[`NavExpandable test NavExpandable should match snapshot 1`] = `
<NavExpandable
  className="''"
  groupId={null}
  id="''"
  isActive={false}
  isExpanded={false}
  srText="''"
  title="'defaultString'"
>
  <li
    className="pf-c-nav__item ''"
    onClick={[Function]}
  >
    <a
      aria-expanded={false}
      className="pf-c-nav__link"
      data-component="pf-nav-expandable"
      href="#"
      id={null}
      onClick={[Function]}
      onMouseDown={[Function]}
    >
      'defaultString'
      <span
        className="pf-c-nav__toggle"
      >
        <AngleRightIcon
          aria-hidden="true"
          color="currentColor"
          noVerticalAlign={false}
          size="sm"
          title={null}
        >
          <svg
            aria-hidden="true"
            aria-labelledby={null}
            fill="currentColor"
            height="1em"
            role="img"
            style={
              Object {
                "verticalAlign": "-0.125em",
              }
            }
            viewBox="0 0 256 512"
            width="1em"
          >
            <path
              d="M224.3 273l-136 136c-9.4 9.4-24.6 9.4-33.9 0l-22.6-22.6c-9.4-9.4-9.4-24.6 0-33.9l96.4-96.4-96.4-96.4c-9.4-9.4-9.4-24.6 0-33.9L54.3 103c9.4-9.4 24.6-9.4 33.9 0l136 136c9.5 9.4 9.5 24.6.1 34z"
              transform=""
            />
          </svg>
        </AngleRightIcon>
      </span>
    </a>
    <section
      aria-labelledby="''"
      className="pf-c-nav__subnav"
      hidden={true}
    >
      <h2
        className="pf-u-screen-reader"
        id="''"
      >
        ''
      </h2>
      <ul
        className="pf-c-nav__simple-list"
      />
    </section>
  </li>
</NavExpandable>
`;
