// Jest Snapshot v1, https://goo.gl/fbAQLP

exports[`NavGroup test NavGroup should match snapshot 1`] = `
<section
  aria-labelledby="'defaultString'"
  className="pf-c-nav__section ''"
>
  <h2
    className="pf-c-nav__section-title"
    id="'defaultString'"
  >
    'defaultString'
  </h2>
  <ul
    className="pf-c-nav__list"
  >
    ReactNode
  </ul>
</section>
`;
