// Jest Snapshot v1, https://goo.gl/fbAQLP

exports[`DrawerContent test DrawerContent should match snapshot 1`] = `
<div
  className="pf-c-drawer__content"
/>
`;
