// Jest Snapshot v1, https://goo.gl/fbAQLP

exports[`ToolbarSection test ToolbarSection should match snapshot 1`] = `
<section
  className="pf-l-toolbar__section null"
>
  ReactNode
</section>
`;
