// Jest Snapshot v1, https://goo.gl/fbAQLP

exports[`ContextSelector test ContextSelector should match snapshot 1`] = `
<ContextSelector
  className="''"
  isOpen={false}
  onSearchButtonClick={[Function]}
  onSearchInputChange={[Function]}
  onSelect={[Function]}
  onToggle={[Function]}
  screenReaderLabel="''"
  searchButtonAriaLabel="'Search menu items'"
  searchInputPlaceholder="'Search'"
  searchInputValue="''"
  toggleText="''"
>
  <div
    className="pf-c-context-selector ''"
  >
    <span
      hidden={true}
      id="pf-context-selector-label-id-0"
    >
      ''
    </span>
    <ContextSelectorToggle
      aria-labelledby="pf-context-selector-label-id-0 pf-context-selector-toggle-id-0"
      className=""
      id="pf-context-selector-toggle-id-0"
      isActive={false}
      isFocused={false}
      isHovered={false}
      isOpen={false}
      onEnter={[Function]}
      onToggle={[Function]}
      parentRef={null}
      toggleText="''"
    >
      <button
        aria-expanded={false}
        aria-labelledby="pf-context-selector-label-id-0 pf-context-selector-toggle-id-0"
        className="pf-c-context-selector__toggle"
        id="pf-context-selector-toggle-id-0"
        onClick={[Function]}
        onKeyDown={[Function]}
        type="button"
      >
        <span
          className="pf-c-context-selector__toggle-text"
        >
          ''
        </span>
        <CaretDownIcon
          aria-hidden={true}
          className="pf-c-context-selector__toggle-icon"
          color="currentColor"
          noVerticalAlign={false}
          size="sm"
          title={null}
        >
          <svg
            aria-hidden={true}
            aria-labelledby={null}
            className="pf-c-context-selector__toggle-icon"
            fill="currentColor"
            height="1em"
            role="img"
            style={
              Object {
                "verticalAlign": "-0.125em",
              }
            }
            viewBox="0 0 320 512"
            width="1em"
          >
            <path
              d="M31.3 192h257.3c17.8 0 26.7 21.5 14.1 34.1L174.1 354.8c-7.8 7.8-20.5 7.8-28.3 0L17.2 226.1C4.6 213.5 13.5 192 31.3 192z"
              transform=""
            />
          </svg>
        </CaretDownIcon>
      </button>
    </ContextSelectorToggle>
  </div>
</ContextSelector>
`;
