// Jest Snapshot v1, https://goo.gl/fbAQLP

exports[`CatalogTileBadge test CatalogTileBadge should match snapshot 1`] = `
<Fragment>
  <Tooltip
    appendTo={[Function]}
    aria="describedby"
    boundary="window"
    className=""
    content="null"
    distance={15}
    enableFlip={true}
    entryDelay={500}
    exitDelay={500}
    flipBehavior={
      Array [
        "top",
        "right",
        "bottom",
        "left",
        "top",
        "right",
        "bottom",
      ]
    }
    id="null"
    isAppLauncher={false}
    isContentLeftAligned={false}
    isVisible={false}
    maxWidth="18.75rem"
    position="top"
    tippyProps={Object {}}
    trigger="mouseenter focus"
    zIndex={9999}
  >
    <span
      className="catalog-tile-pf-badge ''"
    >
      ReactNode
      <span
        className="sr-only"
      >
        null
      </span>
    </span>
  </Tooltip>
</Fragment>
`;
