// Jest Snapshot v1, https://goo.gl/fbAQLP

exports[`LoginPage test LoginPage should match snapshot 1`] = `
<Fragment>
  <Component
    className="''"
    footer={
      <Unknown>
        <p>
          ''
        </p>
        <Unknown>
          <React.Fragment>
            ReactNode
          </React.Fragment>
        </Unknown>
      </Unknown>
    }
    header={
      <Unknown
        headerBrand={
          <React.Fragment>
            <Unknown
              alt="''"
              src="''"
            />
          </React.Fragment>
        }
      />
    }
  >
    <Component
      title="'defaultString'"
    />
    <Component>
      ReactNode
    </Component>
    <Component
      forgotCredentials={
        <React.Fragment>
          ReactNode
        </React.Fragment>
      }
      signUpForAccountMessage={
        <React.Fragment>
          ReactNode
        </React.Fragment>
      }
      socialMediaLoginContent={
        <React.Fragment>
          ReactNode
        </React.Fragment>
      }
    />
  </Component>
</Fragment>
`;
