// Jest Snapshot v1, https://goo.gl/fbAQLP

exports[`LoginHeader test LoginHeader should match snapshot 1`] = `
<header
  className="pf-c-login__header ''"
>
  ReactNode
</header>
`;
