// Jest Snapshot v1, https://goo.gl/fbAQLP

exports[`LoginMainFooterLinksItem test LoginMainFooterLinksItem should match snapshot 1`] = `
<li
  className="pf-c-login__main-footer-links-item ''"
>
  <a
    className="pf-c-login__main-footer-links-item-link"
    href="''"
    target="''"
  >
    ReactNode
  </a>
</li>
`;
