// Jest Snapshot v1, https://goo.gl/fbAQLP

exports[`DataList test DataList should match snapshot 1`] = `
<ContextProvider
  value={
    Object {
      "isSelectable": false,
      "selectedDataListItemId": "''",
      "updateSelectedDataListItem": [Function],
    }
  }
>
  <ul
    aria-label="'defaultString'"
    className="pf-c-data-list ''"
  >
    ReactNode
  </ul>
</ContextProvider>
`;
