// Jest Snapshot v1, https://goo.gl/fbAQLP

exports[`PageHeaderToolsGroup should match snapshot (auto-generated) 1`] = `
<div
  className="pf-c-page__header-tools-group pf-m-mobile pf-m-icons pf-m-user"
>
  <div>
    ReactNode
  </div>
</div>
`;
