// Jest Snapshot v1, https://goo.gl/fbAQLP

exports[`NotificationBadge test NotificationBadge should match snapshot 1`] = `
<Component
  aria-label="string"
  className="string"
  variant="plain"
>
  <span
    className="pf-c-notification-badge pf-m-unread"
  >
    <div>
      ReactNode
    </div>
  </span>
</Component>
`;
