// Jest Snapshot v1, https://goo.gl/fbAQLP

exports[`ChipGroup test ChipGroup should match snapshot 1`] = `""`;
