// Jest Snapshot v1, https://goo.gl/fbAQLP

exports[`OptionsMenuToggleWithText test OptionsMenuToggleWithText should match snapshot 1`] = `
<Component
  aria-label="'Options menu'"
  isActive={false}
  isDisabled={false}
  isFocused={false}
  isHovered={false}
  isOpen={false}
  isPlain={false}
  onToggle={[Function]}
  parentId="''"
  toggleButtonContentsClassName="''"
  toggleText={
    <React.Fragment>
      ReactNode
    </React.Fragment>
  }
  toggleTextClassName="''"
>
  <div
    className="pf-c-options-menu__toggle pf-m-text"
  >
    <span
      className="pf-c-options-menu__toggle-text ''"
    >
      ReactNode
    </span>
    <button
      aria-expanded={false}
      aria-haspopup="listbox"
      aria-label="'Options menu'"
      className="pf-c-options-menu__toggle-button ''"
      id="''-toggle"
      onClick={[Function]}
    />
  </div>
</Component>
`;
