// Jest Snapshot v1, https://goo.gl/fbAQLP

exports[`OptionsMenuItemGroup test OptionsMenuItemGroup should match snapshot 1`] = `
<section
  className="pf-c-options-menu__group"
>
  <ul
    aria-label="''"
    className="''"
  >
    ReactNode
  </ul>
</section>
`;
