// Jest Snapshot v1, https://goo.gl/fbAQLP

exports[`EmptyStateBody test EmptyStateBody should match snapshot 1`] = `
<div
  className="pf-c-empty-state__body ''"
/>
`;
