// Jest Snapshot v1, https://goo.gl/fbAQLP

exports[`ClipboardCopyExpanded test ClipboardCopyExpanded should match snapshot 1`] = `
<div
  className="pf-c-clipboard-copy__expandable-content ''"
  contentEditable={true}
  onInput={[Function]}
  suppressContentEditableWarning={true}
>
  <div>
    ReactNode
  </div>
</div>
`;
