// Jest Snapshot v1, https://goo.gl/fbAQLP

exports[`CollapseColumn test CollapseColumn should match snapshot 1`] = `
<Fragment>
  ReactNode
</Fragment>
`;
