// Jest Snapshot v1, https://goo.gl/fbAQLP

exports[`Backdrop test Backdrop should match snapshot 1`] = `
<Component
  className="''"
>
  <div
    className="pf-c-backdrop ''"
  >
    ReactNode
  </div>
</Component>
`;
