// Jest Snapshot v1, https://goo.gl/fbAQLP

exports[`Check page vertical layout example against snapshot 1`] = `
.pf-l-page__header-brand-link {
  display: flex;
  align-items: center;
}
.pf-l-page__header-brand {
  display: block;
  padding-left: 0.5rem;
}
.pf-l-page__header-tools {
  display: block;
  align-items: center;
  margin-right: 1rem;
  margin-left: auto;
}
.pf-l-page__header {
  display: flex;
  grid-area: header;
  z-index: 300;
  flex-wrap: wrap;
  align-items: center;
  max-width: 100%;
  height: 4.75rem;
}

<PageHeader
  avatar=" | Avatar"
  className=""
  logo="Logo"
  logoProps={null}
  onNavToggle={[Function]}
  showNavToggle={false}
  toolbar="Toolbar"
  topNav={null}
>
  <header
    className="pf-l-page__header"
    role="banner"
  >
    <div
      className="pf-l-page__header-brand"
    >
      <a
        className="pf-l-page__header-brand-link"
      >
        Logo
      </a>
    </div>
    <div
      className="pf-l-page__header-tools"
    >
      Toolbar
       | Avatar
    </div>
  </header>
</PageHeader>
`;
