// Jest Snapshot v1, https://goo.gl/fbAQLP

exports[`TextContent test TextContent should match snapshot 1`] = `
<div
  className="pf-c-content ''"
>
  ReactNode
</div>
`;
