// Jest Snapshot v1, https://goo.gl/fbAQLP

exports[`DropdownToggleAction test DropdownToggleAction should match snapshot 1`] = `
<button
  className="pf-c-dropdown__toggle-button ''"
  onClick={[Function]}
/>
`;
