// Jest Snapshot v1, https://goo.gl/fbAQLP

exports[`CardActions test CardActions should match snapshot 1`] = `
<div
  className="pf-c-card__actions ''"
>
  ReactNode
</div>
`;
