// Jest Snapshot v1, https://goo.gl/fbAQLP

exports[`PropertiesSidePanel test PropertiesSidePanel should match snapshot 1`] = `
<div
  className="properties-side-panel-pf ''"
>
  ReactNode
</div>
`;
