// Jest Snapshot v1, https://goo.gl/fbAQLP

exports[`ModalBoxFooter test ModalBoxFooter should match snapshot 1`] = `
<div
  className="pf-c-modal-box__footer ''"
>
  ReactNode
</div>
`;
