// Jest Snapshot v1, https://goo.gl/fbAQLP

exports[`BreadcrumbHeading test BreadcrumbHeading should match snapshot 1`] = `
<li
  className="pf-c-breadcrumb__item ''"
>
  <h1
    className="pf-c-breadcrumb__heading"
  >
    <[object Object]
      aria-current="page"
      className="pf-c-breadcrumb__link pf-m-current"
      href="null"
      target="null"
    >
      ReactNode
    </[object Object]>
  </h1>
</li>
`;
