// Jest Snapshot v1, https://goo.gl/fbAQLP

exports[`GridItem test GridItem should match snapshot 1`] = `
<div
  className="pf-l-grid__item ''"
>
  ReactNode
</div>
`;
