// Jest Snapshot v1, https://goo.gl/fbAQLP

exports[`Grid test Grid should match snapshot 1`] = `
<div
  className="pf-l-grid ''"
>
  ReactNode
</div>
`;
